[2026-06-01 16:54:43] local.DEBUG: Permission check result {"user_id":1,"module":"Email","permission":"create","has_permission":true,"user_roles":[1],"module_id":3} 
[2026-06-01 16:54:46] local.ERROR: Failed to send email {"error":"Failed to authenticate on SMTP server with username \"admin@fastranking.net\" using the following authenticators: \"CRAM-MD5\", \"LOGIN\", \"PLAIN\". Authenticator \"CRAM-MD5\" returned \"Expected response code \"235\" but got code \"535\", with message \"535 5.7.8 Authentication failed\".\". Authenticator \"LOGIN\" returned \"Expected response code \"235\" but got code \"535\", with message \"535 5.7.8 Authentication failed\".\". Authenticator \"PLAIN\" returned \"Expected response code \"235\" but got code \"535\", with message \"535 5.7.8 Authentication failed\".\".","trace":"#0 D:\\FastrankingCRMUpdatable\\vendor\\symfony\\mailer\\Transport\\Smtp\\EsmtpTransport.php(199): Symfony\\Component\\Mailer\\Transport\\Smtp\\EsmtpTransport->handleAuth(Array)
#1 D:\\FastrankingCRMUpdatable\\vendor\\symfony\\mailer\\Transport\\Smtp\\EsmtpTransport.php(150): Symfony\\Component\\Mailer\\Transport\\Smtp\\EsmtpTransport->doEhloCommand()
#2 D:\\FastrankingCRMUpdatable\\vendor\\symfony\\mailer\\Transport\\Smtp\\SmtpTransport.php(244): Symfony\\Component\\Mailer\\Transport\\Smtp\\EsmtpTransport->executeCommand('HELO localhost\\r...', Array)
#3 D:\\FastrankingCRMUpdatable\\vendor\\symfony\\mailer\\Transport\\Smtp\\SmtpTransport.php(270): Symfony\\Component\\Mailer\\Transport\\Smtp\\SmtpTransport->doHeloCommand()
#4 D:\\FastrankingCRMUpdatable\\vendor\\symfony\\mailer\\Transport\\Smtp\\SmtpTransport.php(200): Symfony\\Component\\Mailer\\Transport\\Smtp\\SmtpTransport->start()
#5 D:\\FastrankingCRMUpdatable\\vendor\\symfony\\mailer\\Transport\\AbstractTransport.php(69): Symfony\\Component\\Mailer\\Transport\\Smtp\\SmtpTransport->doSend(Object(Symfony\\Component\\Mailer\\SentMessage))
#6 D:\\FastrankingCRMUpdatable\\vendor\\symfony\\mailer\\Transport\\Smtp\\SmtpTransport.php(138): Symfony\\Component\\Mailer\\Transport\\AbstractTransport->send(Object(Symfony\\Component\\Mime\\Email), Object(Symfony\\Component\\Mailer\\DelayedEnvelope))
#7 D:\\FastrankingCRMUpdatable\\vendor\\laravel\\framework\\src\\Illuminate\\Mail\\Mailer.php(584): Symfony\\Component\\Mailer\\Transport\\Smtp\\SmtpTransport->send(Object(Symfony\\Component\\Mime\\Email), Object(Symfony\\Component\\Mailer\\DelayedEnvelope))
#8 D:\\FastrankingCRMUpdatable\\vendor\\laravel\\framework\\src\\Illuminate\\Mail\\Mailer.php(331): Illuminate\\Mail\\Mailer->sendSymfonyMessage(Object(Symfony\\Component\\Mime\\Email))
#9 D:\\FastrankingCRMUpdatable\\vendor\\laravel\\framework\\src\\Illuminate\\Mail\\Mailer.php(223): Illuminate\\Mail\\Mailer->send(NULL, Array, Object(Closure))
#10 D:\\FastrankingCRMUpdatable\\vendor\\laravel\\framework\\src\\Illuminate\\Mail\\MailManager.php(623): Illuminate\\Mail\\Mailer->raw('<!DOCTYPE html>...', Object(Closure))
#11 D:\\FastrankingCRMUpdatable\\vendor\\laravel\\framework\\src\\Illuminate\\Support\\Facades\\Facade.php(363): Illuminate\\Mail\\MailManager->__call('raw', Array)
#12 D:\\FastrankingCRMUpdatable\\app\\Http\\Controllers\\Api\\Email\\EmailController.php(219): Illuminate\\Support\\Facades\\Facade::__callStatic('raw', Array)
#13 D:\\FastrankingCRMUpdatable\\vendor\\laravel\\framework\\src\\Illuminate\\Routing\\ControllerDispatcher.php(46): App\\Http\\Controllers\\Api\\Email\\EmailController->store(Object(Illuminate\\Http\\Request))
#14 D:\\FastrankingCRMUpdatable\\vendor\\laravel\\framework\\src\\Illuminate\\Routing\\Route.php(265): Illuminate\\Routing\\ControllerDispatcher->dispatch(Object(Illuminate\\Routing\\Route), Object(App\\Http\\Controllers\\Api\\Email\\EmailController), 'store')
#15 D:\\FastrankingCRMUpdatable\\vendor\\laravel\\framework\\src\\Illuminate\\Routing\\Route.php(211): Illuminate\\Routing\\Route->runController()
#16 D:\\FastrankingCRMUpdatable\\vendor\\laravel\\framework\\src\\Illuminate\\Routing\\Router.php(822): Illuminate\\Routing\\Route->run()
#17 D:\\FastrankingCRMUpdatable\\vendor\\laravel\\framework\\src\\Illuminate\\Pipeline\\Pipeline.php(180): Illuminate\\Routing\\Router->Illuminate\\Routing\\{closure}(Object(Illuminate\\Http\\Request))
#18 D:\\FastrankingCRMUpdatable\\app\\Http\\Middleware\\PermissionMiddleware.php(54): Illuminate\\Pipeline\\Pipeline->Illuminate\\Pipeline\\{closure}(Object(Illuminate\\Http\\Request))
#19 D:\\FastrankingCRMUpdatable\\vendor\\laravel\\framework\\src\\Illuminate\\Pipeline\\Pipeline.php(219): App\\Http\\Middleware\\PermissionMiddleware->handle(Object(Illuminate\\Http\\Request), Object(Closure), 'Email', 'create')
#20 D:\\FastrankingCRMUpdatable\\vendor\\tymon\\jwt-auth\\src\\Http\\Middleware\\Authenticate.php(32): Illuminate\\Pipeline\\Pipeline->Illuminate\\Pipeline\\{closure}(Object(Illuminate\\Http\\Request))
#21 D:\\FastrankingCRMUpdatable\\vendor\\laravel\\framework\\src\\Illuminate\\Pipeline\\Pipeline.php(219): Tymon\\JWTAuth\\Http\\Middleware\\Authenticate->handle(Object(Illuminate\\Http\\Request), Object(Closure))
#22 D:\\FastrankingCRMUpdatable\\vendor\\laravel\\framework\\src\\Illuminate\\Routing\\Middleware\\SubstituteBindings.php(50): Illuminate\\Pipeline\\Pipeline->Illuminate\\Pipeline\\{closure}(Object(Illuminate\\Http\\Request))
#23 D:\\FastrankingCRMUpdatable\\vendor\\laravel\\framework\\src\\Illuminate\\Pipeline\\Pipeline.php(219): Illuminate\\Routing\\Middleware\\SubstituteBindings->handle(Object(Illuminate\\Http\\Request), Object(Closure))
#24 D:\\FastrankingCRMUpdatable\\vendor\\laravel\\framework\\src\\Illuminate\\Pipeline\\Pipeline.php(137): Illuminate\\Pipeline\\Pipeline->Illuminate\\Pipeline\\{closure}(Object(Illuminate\\Http\\Request))
#25 D:\\FastrankingCRMUpdatable\\vendor\\laravel\\framework\\src\\Illuminate\\Routing\\Router.php(821): Illuminate\\Pipeline\\Pipeline->then(Object(Closure))
#26 D:\\FastrankingCRMUpdatable\\vendor\\laravel\\framework\\src\\Illuminate\\Routing\\Router.php(800): Illuminate\\Routing\\Router->runRouteWithinStack(Object(Illuminate\\Routing\\Route), Object(Illuminate\\Http\\Request))
#27 D:\\FastrankingCRMUpdatable\\vendor\\laravel\\framework\\src\\Illuminate\\Routing\\Router.php(764): Illuminate\\Routing\\Router->runRoute(Object(Illuminate\\Http\\Request), Object(Illuminate\\Routing\\Route))
#28 D:\\FastrankingCRMUpdatable\\vendor\\laravel\\framework\\src\\Illuminate\\Routing\\Router.php(753): Illuminate\\Routing\\Router->dispatchToRoute(Object(Illuminate\\Http\\Request))
#29 D:\\FastrankingCRMUpdatable\\vendor\\laravel\\framework\\src\\Illuminate\\Foundation\\Http\\Kernel.php(200): Illuminate\\Routing\\Router->dispatch(Object(Illuminate\\Http\\Request))
#30 D:\\FastrankingCRMUpdatable\\vendor\\laravel\\framework\\src\\Illuminate\\Pipeline\\Pipeline.php(180): Illuminate\\Foundation\\Http\\Kernel->Illuminate\\Foundation\\Http\\{closure}(Object(Illuminate\\Http\\Request))
#31 D:\\FastrankingCRMUpdatable\\vendor\\laravel\\framework\\src\\Illuminate\\Foundation\\Http\\Middleware\\TransformsRequest.php(21): Illuminate\\Pipeline\\Pipeline->Illuminate\\Pipeline\\{closure}(Object(Illuminate\\Http\\Request))
#32 D:\\FastrankingCRMUpdatable\\vendor\\laravel\\framework\\src\\Illuminate\\Foundation\\Http\\Middleware\\ConvertEmptyStringsToNull.php(31): Illuminate\\Foundation\\Http\\Middleware\\TransformsRequest->handle(Object(Illuminate\\Http\\Request), Object(Closure))
#33 D:\\FastrankingCRMUpdatable\\vendor\\laravel\\framework\\src\\Illuminate\\Pipeline\\Pipeline.php(219): Illuminate\\Foundation\\Http\\Middleware\\ConvertEmptyStringsToNull->handle(Object(Illuminate\\Http\\Request), Object(Closure))
#34 D:\\FastrankingCRMUpdatable\\vendor\\laravel\\framework\\src\\Illuminate\\Foundation\\Http\\Middleware\\TransformsRequest.php(21): Illuminate\\Pipeline\\Pipeline->Illuminate\\Pipeline\\{closure}(Object(Illuminate\\Http\\Request))
#35 D:\\FastrankingCRMUpdatable\\vendor\\laravel\\framework\\src\\Illuminate\\Foundation\\Http\\Middleware\\TrimStrings.php(51): Illuminate\\Foundation\\Http\\Middleware\\TransformsRequest->handle(Object(Illuminate\\Http\\Request), Object(Closure))
#36 D:\\FastrankingCRMUpdatable\\vendor\\laravel\\framework\\src\\Illuminate\\Pipeline\\Pipeline.php(219): Illuminate\\Foundation\\Http\\Middleware\\TrimStrings->handle(Object(Illuminate\\Http\\Request), Object(Closure))
#37 D:\\FastrankingCRMUpdatable\\vendor\\laravel\\framework\\src\\Illuminate\\Http\\Middleware\\ValidatePostSize.php(27): Illuminate\\Pipeline\\Pipeline->Illuminate\\Pipeline\\{closure}(Object(Illuminate\\Http\\Request))
#38 D:\\FastrankingCRMUpdatable\\vendor\\laravel\\framework\\src\\Illuminate\\Pipeline\\Pipeline.php(219): Illuminate\\Http\\Middleware\\ValidatePostSize->handle(Object(Illuminate\\Http\\Request), Object(Closure))
#39 D:\\FastrankingCRMUpdatable\\vendor\\laravel\\framework\\src\\Illuminate\\Foundation\\Http\\Middleware\\PreventRequestsDuringMaintenance.php(109): Illuminate\\Pipeline\\Pipeline->Illuminate\\Pipeline\\{closure}(Object(Illuminate\\Http\\Request))
#40 D:\\FastrankingCRMUpdatable\\vendor\\laravel\\framework\\src\\Illuminate\\Pipeline\\Pipeline.php(219): Illuminate\\Foundation\\Http\\Middleware\\PreventRequestsDuringMaintenance->handle(Object(Illuminate\\Http\\Request), Object(Closure))
#41 D:\\FastrankingCRMUpdatable\\vendor\\laravel\\framework\\src\\Illuminate\\Http\\Middleware\\HandleCors.php(74): Illuminate\\Pipeline\\Pipeline->Illuminate\\Pipeline\\{closure}(Object(Illuminate\\Http\\Request))
#42 D:\\FastrankingCRMUpdatable\\vendor\\laravel\\framework\\src\\Illuminate\\Pipeline\\Pipeline.php(219): Illuminate\\Http\\Middleware\\HandleCors->handle(Object(Illuminate\\Http\\Request), Object(Closure))
#43 D:\\FastrankingCRMUpdatable\\vendor\\laravel\\framework\\src\\Illuminate\\Http\\Middleware\\TrustProxies.php(58): Illuminate\\Pipeline\\Pipeline->Illuminate\\Pipeline\\{closure}(Object(Illuminate\\Http\\Request))
#44 D:\\FastrankingCRMUpdatable\\vendor\\laravel\\framework\\src\\Illuminate\\Pipeline\\Pipeline.php(219): Illuminate\\Http\\Middleware\\TrustProxies->handle(Object(Illuminate\\Http\\Request), Object(Closure))
#45 D:\\FastrankingCRMUpdatable\\vendor\\laravel\\framework\\src\\Illuminate\\Foundation\\Http\\Middleware\\InvokeDeferredCallbacks.php(22): Illuminate\\Pipeline\\Pipeline->Illuminate\\Pipeline\\{closure}(Object(Illuminate\\Http\\Request))
#46 D:\\FastrankingCRMUpdatable\\vendor\\laravel\\framework\\src\\Illuminate\\Pipeline\\Pipeline.php(219): Illuminate\\Foundation\\Http\\Middleware\\InvokeDeferredCallbacks->handle(Object(Illuminate\\Http\\Request), Object(Closure))
#47 D:\\FastrankingCRMUpdatable\\vendor\\laravel\\framework\\src\\Illuminate\\Http\\Middleware\\ValidatePathEncoding.php(26): Illuminate\\Pipeline\\Pipeline->Illuminate\\Pipeline\\{closure}(Object(Illuminate\\Http\\Request))
#48 D:\\FastrankingCRMUpdatable\\vendor\\laravel\\framework\\src\\Illuminate\\Pipeline\\Pipeline.php(219): Illuminate\\Http\\Middleware\\ValidatePathEncoding->handle(Object(Illuminate\\Http\\Request), Object(Closure))
#49 D:\\FastrankingCRMUpdatable\\vendor\\laravel\\framework\\src\\Illuminate\\Pipeline\\Pipeline.php(137): Illuminate\\Pipeline\\Pipeline->Illuminate\\Pipeline\\{closure}(Object(Illuminate\\Http\\Request))
#50 D:\\FastrankingCRMUpdatable\\vendor\\laravel\\framework\\src\\Illuminate\\Foundation\\Http\\Kernel.php(175): Illuminate\\Pipeline\\Pipeline->then(Object(Closure))
#51 D:\\FastrankingCRMUpdatable\\vendor\\laravel\\framework\\src\\Illuminate\\Foundation\\Http\\Kernel.php(144): Illuminate\\Foundation\\Http\\Kernel->sendRequestThroughRouter(Object(Illuminate\\Http\\Request))
#52 D:\\FastrankingCRMUpdatable\\vendor\\laravel\\framework\\src\\Illuminate\\Foundation\\Application.php(1220): Illuminate\\Foundation\\Http\\Kernel->handle(Object(Illuminate\\Http\\Request))
#53 D:\\FastrankingCRMUpdatable\\public\\index.php(20): Illuminate\\Foundation\\Application->handleRequest(Object(Illuminate\\Http\\Request))
#54 D:\\FastrankingCRMUpdatable\\vendor\\laravel\\framework\\src\\Illuminate\\Foundation\\resources\\server.php(23): require_once('D:\\\\FastrankingC...')
#55 {main}","request_data":{"followup_business_id":5755,"to":["fastranking05@gmail.com"],"cc":["fastranking05@gmail.com"],"bcc":["fastranking05@gmail.com"],"type":"welcome","dynamic_data":{"contact_name":"sdfsd sdfgdfgdf","business_name":"New Lead","business_phone":"1222000125","business_email":"tetst@ytu.com","sender_name":"Your Name","sender_title":"Your Title","appointment_date":null,"appointment_time":null,"appointment_location":null}}} 
[2026-06-01 16:55:14] local.DEBUG: Permission check result {"user_id":1,"module":"Leads","permission":"read","has_permission":true,"user_roles":[1],"module_id":2} 
[2026-06-01 16:55:14] local.INFO: Lead retrieval successful {"lead_id":5755,"user_id":1} 
[2026-06-01 16:55:15] local.DEBUG: Permission check result {"user_id":1,"module":"Administration","permission":"read","has_permission":true,"user_roles":[1],"module_id":1} 
[2026-06-01 16:55:15] local.INFO: User retrieval successful {"user_id":1} 
[2026-06-01 16:55:18] local.DEBUG: Permission check result {"user_id":1,"module":"Appointment","permission":"read","has_permission":true,"user_roles":[1],"module_id":5} 
[2026-06-01 16:55:19] local.DEBUG: Permission check result {"user_id":1,"module":"Follow-Up","permission":"read","has_permission":true,"user_roles":[1],"module_id":4} 
[2026-06-01 16:55:20] local.DEBUG: Permission check result {"user_id":1,"module":"Administration","permission":"read","has_permission":true,"user_roles":[1],"module_id":1} 
[2026-06-01 16:55:20] local.DEBUG: Permission check result {"user_id":1,"module":"Administration","permission":"read","has_permission":true,"user_roles":[1],"module_id":1} 
[2026-06-01 16:55:20] local.INFO: User list retrieval successful {"user_id":1} 
[2026-06-01 16:55:21] local.DEBUG: Permission check result {"user_id":1,"module":"Administration","permission":"read","has_permission":true,"user_roles":[1],"module_id":1} 
[2026-06-01 16:55:21] local.INFO: Fetch departments list successful {"filters":[],"user_id":1} 
[2026-06-01 16:55:22] local.DEBUG: Permission check result {"user_id":1,"module":"Administration","permission":"read","has_permission":true,"user_roles":[1],"module_id":1} 
[2026-06-01 16:55:22] local.INFO: Fetch roles list successful {"filters":[],"user_id":1} 
[2026-06-01 16:55:22] local.DEBUG: Permission check result {"user_id":1,"module":"Administration","permission":"read","has_permission":true,"user_roles":[1],"module_id":1} 
[2026-06-01 16:55:22] local.INFO: Fetch modules list successful {"filters":[],"user_id":1} 
[2026-06-01 16:55:23] local.DEBUG: Permission check result {"user_id":1,"module":"Administration","permission":"read","has_permission":true,"user_roles":[1],"module_id":1} 
[2026-06-01 16:55:23] local.INFO: Fetch teams list successful {"filters":[],"user_id":1} 
[2026-06-01 16:55:23] local.DEBUG: Permission check result {"user_id":1,"module":"Deals","permission":"read","has_permission":true,"user_roles":[1],"module_id":11} 
[2026-06-01 16:55:26] local.DEBUG: Permission check result {"user_id":1,"module":"Deals","permission":"read","has_permission":true,"user_roles":[1],"module_id":11} 
[2026-06-01 16:55:27] local.DEBUG: Permission check result {"user_id":1,"module":"Deals","permission":"read","has_permission":true,"user_roles":[1],"module_id":11} 
[2026-06-01 16:55:27] local.DEBUG: Permission check result {"user_id":1,"module":"Deals","permission":"read","has_permission":true,"user_roles":[1],"module_id":11} 
[2026-06-01 16:55:28] local.DEBUG: Permission check result {"user_id":1,"module":"Deals","permission":"read","has_permission":true,"user_roles":[1],"module_id":11} 
[2026-06-01 16:55:28] local.DEBUG: Permission check result {"user_id":1,"module":"Deals","permission":"read","has_permission":true,"user_roles":[1],"module_id":11} 
[2026-06-01 16:55:29] local.DEBUG: Permission check result {"user_id":1,"module":"Deals","permission":"read","has_permission":true,"user_roles":[1],"module_id":11} 
[2026-06-01 16:55:29] local.DEBUG: Permission check result {"user_id":1,"module":"Deals","permission":"read","has_permission":true,"user_roles":[1],"module_id":11} 
[2026-06-01 16:55:47] local.DEBUG: Permission check result {"user_id":1,"module":"Email","permission":"create","has_permission":true,"user_roles":[1],"module_id":3} 
[2026-06-01 16:55:50] local.ERROR: Failed to send email {"error":"Failed to authenticate on SMTP server with username \"admin@fastranking.net\" using the following authenticators: \"CRAM-MD5\", \"LOGIN\", \"PLAIN\". Authenticator \"CRAM-MD5\" returned \"Expected response code \"235\" but got code \"535\", with message \"535 5.7.8 Authentication failed\".\". Authenticator \"LOGIN\" returned \"Expected response code \"235\" but got code \"535\", with message \"535 5.7.8 Authentication failed\".\". Authenticator \"PLAIN\" returned \"Expected response code \"235\" but got code \"535\", with message \"535 5.7.8 Authentication failed\".\".","trace":"#0 D:\\FastrankingCRMUpdatable\\vendor\\symfony\\mailer\\Transport\\Smtp\\EsmtpTransport.php(199): Symfony\\Component\\Mailer\\Transport\\Smtp\\EsmtpTransport->handleAuth(Array)
#1 D:\\FastrankingCRMUpdatable\\vendor\\symfony\\mailer\\Transport\\Smtp\\EsmtpTransport.php(150): Symfony\\Component\\Mailer\\Transport\\Smtp\\EsmtpTransport->doEhloCommand()
#2 D:\\FastrankingCRMUpdatable\\vendor\\symfony\\mailer\\Transport\\Smtp\\SmtpTransport.php(244): Symfony\\Component\\Mailer\\Transport\\Smtp\\EsmtpTransport->executeCommand('HELO localhost\\r...', Array)
#3 D:\\FastrankingCRMUpdatable\\vendor\\symfony\\mailer\\Transport\\Smtp\\SmtpTransport.php(270): Symfony\\Component\\Mailer\\Transport\\Smtp\\SmtpTransport->doHeloCommand()
#4 D:\\FastrankingCRMUpdatable\\vendor\\symfony\\mailer\\Transport\\Smtp\\SmtpTransport.php(200): Symfony\\Component\\Mailer\\Transport\\Smtp\\SmtpTransport->start()
#5 D:\\FastrankingCRMUpdatable\\vendor\\symfony\\mailer\\Transport\\AbstractTransport.php(69): Symfony\\Component\\Mailer\\Transport\\Smtp\\SmtpTransport->doSend(Object(Symfony\\Component\\Mailer\\SentMessage))
#6 D:\\FastrankingCRMUpdatable\\vendor\\symfony\\mailer\\Transport\\Smtp\\SmtpTransport.php(138): Symfony\\Component\\Mailer\\Transport\\AbstractTransport->send(Object(Symfony\\Component\\Mime\\Email), Object(Symfony\\Component\\Mailer\\DelayedEnvelope))
#7 D:\\FastrankingCRMUpdatable\\vendor\\laravel\\framework\\src\\Illuminate\\Mail\\Mailer.php(584): Symfony\\Component\\Mailer\\Transport\\Smtp\\SmtpTransport->send(Object(Symfony\\Component\\Mime\\Email), Object(Symfony\\Component\\Mailer\\DelayedEnvelope))
#8 D:\\FastrankingCRMUpdatable\\vendor\\laravel\\framework\\src\\Illuminate\\Mail\\Mailer.php(331): Illuminate\\Mail\\Mailer->sendSymfonyMessage(Object(Symfony\\Component\\Mime\\Email))
#9 D:\\FastrankingCRMUpdatable\\vendor\\laravel\\framework\\src\\Illuminate\\Mail\\Mailer.php(223): Illuminate\\Mail\\Mailer->send(NULL, Array, Object(Closure))
#10 D:\\FastrankingCRMUpdatable\\vendor\\laravel\\framework\\src\\Illuminate\\Mail\\MailManager.php(623): Illuminate\\Mail\\Mailer->raw('<!DOCTYPE html>...', Object(Closure))
#11 D:\\FastrankingCRMUpdatable\\vendor\\laravel\\framework\\src\\Illuminate\\Support\\Facades\\Facade.php(363): Illuminate\\Mail\\MailManager->__call('raw', Array)
#12 D:\\FastrankingCRMUpdatable\\app\\Http\\Controllers\\Api\\Email\\EmailController.php(219): Illuminate\\Support\\Facades\\Facade::__callStatic('raw', Array)
#13 D:\\FastrankingCRMUpdatable\\vendor\\laravel\\framework\\src\\Illuminate\\Routing\\ControllerDispatcher.php(46): App\\Http\\Controllers\\Api\\Email\\EmailController->store(Object(Illuminate\\Http\\Request))
#14 D:\\FastrankingCRMUpdatable\\vendor\\laravel\\framework\\src\\Illuminate\\Routing\\Route.php(265): Illuminate\\Routing\\ControllerDispatcher->dispatch(Object(Illuminate\\Routing\\Route), Object(App\\Http\\Controllers\\Api\\Email\\EmailController), 'store')
#15 D:\\FastrankingCRMUpdatable\\vendor\\laravel\\framework\\src\\Illuminate\\Routing\\Route.php(211): Illuminate\\Routing\\Route->runController()
#16 D:\\FastrankingCRMUpdatable\\vendor\\laravel\\framework\\src\\Illuminate\\Routing\\Router.php(822): Illuminate\\Routing\\Route->run()
#17 D:\\FastrankingCRMUpdatable\\vendor\\laravel\\framework\\src\\Illuminate\\Pipeline\\Pipeline.php(180): Illuminate\\Routing\\Router->Illuminate\\Routing\\{closure}(Object(Illuminate\\Http\\Request))
#18 D:\\FastrankingCRMUpdatable\\app\\Http\\Middleware\\PermissionMiddleware.php(54): Illuminate\\Pipeline\\Pipeline->Illuminate\\Pipeline\\{closure}(Object(Illuminate\\Http\\Request))
#19 D:\\FastrankingCRMUpdatable\\vendor\\laravel\\framework\\src\\Illuminate\\Pipeline\\Pipeline.php(219): App\\Http\\Middleware\\PermissionMiddleware->handle(Object(Illuminate\\Http\\Request), Object(Closure), 'Email', 'create')
#20 D:\\FastrankingCRMUpdatable\\vendor\\tymon\\jwt-auth\\src\\Http\\Middleware\\Authenticate.php(32): Illuminate\\Pipeline\\Pipeline->Illuminate\\Pipeline\\{closure}(Object(Illuminate\\Http\\Request))
#21 D:\\FastrankingCRMUpdatable\\vendor\\laravel\\framework\\src\\Illuminate\\Pipeline\\Pipeline.php(219): Tymon\\JWTAuth\\Http\\Middleware\\Authenticate->handle(Object(Illuminate\\Http\\Request), Object(Closure))
#22 D:\\FastrankingCRMUpdatable\\vendor\\laravel\\framework\\src\\Illuminate\\Routing\\Middleware\\SubstituteBindings.php(50): Illuminate\\Pipeline\\Pipeline->Illuminate\\Pipeline\\{closure}(Object(Illuminate\\Http\\Request))
#23 D:\\FastrankingCRMUpdatable\\vendor\\laravel\\framework\\src\\Illuminate\\Pipeline\\Pipeline.php(219): Illuminate\\Routing\\Middleware\\SubstituteBindings->handle(Object(Illuminate\\Http\\Request), Object(Closure))
#24 D:\\FastrankingCRMUpdatable\\vendor\\laravel\\framework\\src\\Illuminate\\Pipeline\\Pipeline.php(137): Illuminate\\Pipeline\\Pipeline->Illuminate\\Pipeline\\{closure}(Object(Illuminate\\Http\\Request))
#25 D:\\FastrankingCRMUpdatable\\vendor\\laravel\\framework\\src\\Illuminate\\Routing\\Router.php(821): Illuminate\\Pipeline\\Pipeline->then(Object(Closure))
#26 D:\\FastrankingCRMUpdatable\\vendor\\laravel\\framework\\src\\Illuminate\\Routing\\Router.php(800): Illuminate\\Routing\\Router->runRouteWithinStack(Object(Illuminate\\Routing\\Route), Object(Illuminate\\Http\\Request))
#27 D:\\FastrankingCRMUpdatable\\vendor\\laravel\\framework\\src\\Illuminate\\Routing\\Router.php(764): Illuminate\\Routing\\Router->runRoute(Object(Illuminate\\Http\\Request), Object(Illuminate\\Routing\\Route))
#28 D:\\FastrankingCRMUpdatable\\vendor\\laravel\\framework\\src\\Illuminate\\Routing\\Router.php(753): Illuminate\\Routing\\Router->dispatchToRoute(Object(Illuminate\\Http\\Request))
#29 D:\\FastrankingCRMUpdatable\\vendor\\laravel\\framework\\src\\Illuminate\\Foundation\\Http\\Kernel.php(200): Illuminate\\Routing\\Router->dispatch(Object(Illuminate\\Http\\Request))
#30 D:\\FastrankingCRMUpdatable\\vendor\\laravel\\framework\\src\\Illuminate\\Pipeline\\Pipeline.php(180): Illuminate\\Foundation\\Http\\Kernel->Illuminate\\Foundation\\Http\\{closure}(Object(Illuminate\\Http\\Request))
#31 D:\\FastrankingCRMUpdatable\\vendor\\laravel\\framework\\src\\Illuminate\\Foundation\\Http\\Middleware\\TransformsRequest.php(21): Illuminate\\Pipeline\\Pipeline->Illuminate\\Pipeline\\{closure}(Object(Illuminate\\Http\\Request))
#32 D:\\FastrankingCRMUpdatable\\vendor\\laravel\\framework\\src\\Illuminate\\Foundation\\Http\\Middleware\\ConvertEmptyStringsToNull.php(31): Illuminate\\Foundation\\Http\\Middleware\\TransformsRequest->handle(Object(Illuminate\\Http\\Request), Object(Closure))
#33 D:\\FastrankingCRMUpdatable\\vendor\\laravel\\framework\\src\\Illuminate\\Pipeline\\Pipeline.php(219): Illuminate\\Foundation\\Http\\Middleware\\ConvertEmptyStringsToNull->handle(Object(Illuminate\\Http\\Request), Object(Closure))
#34 D:\\FastrankingCRMUpdatable\\vendor\\laravel\\framework\\src\\Illuminate\\Foundation\\Http\\Middleware\\TransformsRequest.php(21): Illuminate\\Pipeline\\Pipeline->Illuminate\\Pipeline\\{closure}(Object(Illuminate\\Http\\Request))
#35 D:\\FastrankingCRMUpdatable\\vendor\\laravel\\framework\\src\\Illuminate\\Foundation\\Http\\Middleware\\TrimStrings.php(51): Illuminate\\Foundation\\Http\\Middleware\\TransformsRequest->handle(Object(Illuminate\\Http\\Request), Object(Closure))
#36 D:\\FastrankingCRMUpdatable\\vendor\\laravel\\framework\\src\\Illuminate\\Pipeline\\Pipeline.php(219): Illuminate\\Foundation\\Http\\Middleware\\TrimStrings->handle(Object(Illuminate\\Http\\Request), Object(Closure))
#37 D:\\FastrankingCRMUpdatable\\vendor\\laravel\\framework\\src\\Illuminate\\Http\\Middleware\\ValidatePostSize.php(27): Illuminate\\Pipeline\\Pipeline->Illuminate\\Pipeline\\{closure}(Object(Illuminate\\Http\\Request))
#38 D:\\FastrankingCRMUpdatable\\vendor\\laravel\\framework\\src\\Illuminate\\Pipeline\\Pipeline.php(219): Illuminate\\Http\\Middleware\\ValidatePostSize->handle(Object(Illuminate\\Http\\Request), Object(Closure))
#39 D:\\FastrankingCRMUpdatable\\vendor\\laravel\\framework\\src\\Illuminate\\Foundation\\Http\\Middleware\\PreventRequestsDuringMaintenance.php(109): Illuminate\\Pipeline\\Pipeline->Illuminate\\Pipeline\\{closure}(Object(Illuminate\\Http\\Request))
#40 D:\\FastrankingCRMUpdatable\\vendor\\laravel\\framework\\src\\Illuminate\\Pipeline\\Pipeline.php(219): Illuminate\\Foundation\\Http\\Middleware\\PreventRequestsDuringMaintenance->handle(Object(Illuminate\\Http\\Request), Object(Closure))
#41 D:\\FastrankingCRMUpdatable\\vendor\\laravel\\framework\\src\\Illuminate\\Http\\Middleware\\HandleCors.php(74): Illuminate\\Pipeline\\Pipeline->Illuminate\\Pipeline\\{closure}(Object(Illuminate\\Http\\Request))
#42 D:\\FastrankingCRMUpdatable\\vendor\\laravel\\framework\\src\\Illuminate\\Pipeline\\Pipeline.php(219): Illuminate\\Http\\Middleware\\HandleCors->handle(Object(Illuminate\\Http\\Request), Object(Closure))
#43 D:\\FastrankingCRMUpdatable\\vendor\\laravel\\framework\\src\\Illuminate\\Http\\Middleware\\TrustProxies.php(58): Illuminate\\Pipeline\\Pipeline->Illuminate\\Pipeline\\{closure}(Object(Illuminate\\Http\\Request))
#44 D:\\FastrankingCRMUpdatable\\vendor\\laravel\\framework\\src\\Illuminate\\Pipeline\\Pipeline.php(219): Illuminate\\Http\\Middleware\\TrustProxies->handle(Object(Illuminate\\Http\\Request), Object(Closure))
#45 D:\\FastrankingCRMUpdatable\\vendor\\laravel\\framework\\src\\Illuminate\\Foundation\\Http\\Middleware\\InvokeDeferredCallbacks.php(22): Illuminate\\Pipeline\\Pipeline->Illuminate\\Pipeline\\{closure}(Object(Illuminate\\Http\\Request))
#46 D:\\FastrankingCRMUpdatable\\vendor\\laravel\\framework\\src\\Illuminate\\Pipeline\\Pipeline.php(219): Illuminate\\Foundation\\Http\\Middleware\\InvokeDeferredCallbacks->handle(Object(Illuminate\\Http\\Request), Object(Closure))
#47 D:\\FastrankingCRMUpdatable\\vendor\\laravel\\framework\\src\\Illuminate\\Http\\Middleware\\ValidatePathEncoding.php(26): Illuminate\\Pipeline\\Pipeline->Illuminate\\Pipeline\\{closure}(Object(Illuminate\\Http\\Request))
#48 D:\\FastrankingCRMUpdatable\\vendor\\laravel\\framework\\src\\Illuminate\\Pipeline\\Pipeline.php(219): Illuminate\\Http\\Middleware\\ValidatePathEncoding->handle(Object(Illuminate\\Http\\Request), Object(Closure))
#49 D:\\FastrankingCRMUpdatable\\vendor\\laravel\\framework\\src\\Illuminate\\Pipeline\\Pipeline.php(137): Illuminate\\Pipeline\\Pipeline->Illuminate\\Pipeline\\{closure}(Object(Illuminate\\Http\\Request))
#50 D:\\FastrankingCRMUpdatable\\vendor\\laravel\\framework\\src\\Illuminate\\Foundation\\Http\\Kernel.php(175): Illuminate\\Pipeline\\Pipeline->then(Object(Closure))
#51 D:\\FastrankingCRMUpdatable\\vendor\\laravel\\framework\\src\\Illuminate\\Foundation\\Http\\Kernel.php(144): Illuminate\\Foundation\\Http\\Kernel->sendRequestThroughRouter(Object(Illuminate\\Http\\Request))
#52 D:\\FastrankingCRMUpdatable\\vendor\\laravel\\framework\\src\\Illuminate\\Foundation\\Application.php(1220): Illuminate\\Foundation\\Http\\Kernel->handle(Object(Illuminate\\Http\\Request))
#53 D:\\FastrankingCRMUpdatable\\public\\index.php(20): Illuminate\\Foundation\\Application->handleRequest(Object(Illuminate\\Http\\Request))
#54 D:\\FastrankingCRMUpdatable\\vendor\\laravel\\framework\\src\\Illuminate\\Foundation\\resources\\server.php(23): require_once('D:\\\\FastrankingC...')
#55 {main}","request_data":{"followup_business_id":5755,"to":["fastranking05@gmail.com"],"cc":[],"bcc":[],"type":"welcome","dynamic_data":{"contact_name":"sdfsd sdfgdfgdf","business_name":"New Lead","business_phone":"1222000125","business_email":"tetst@ytu.com","sender_name":"Your Name","sender_title":"Your Title","appointment_date":null,"appointment_time":null,"appointment_location":null}}} 
[2026-06-01 16:59:56] local.DEBUG: Permission check result {"user_id":1,"module":"Email","permission":"create","has_permission":true,"user_roles":[1],"module_id":3} 
[2026-06-01 16:59:59] local.ERROR: Failed to send email {"error":"Failed to authenticate on SMTP server with username \"admin@fastranking.net\" using the following authenticators: \"CRAM-MD5\", \"LOGIN\", \"PLAIN\". Authenticator \"CRAM-MD5\" returned \"Expected response code \"235\" but got code \"535\", with message \"535 5.7.8 Authentication failed\".\". Authenticator \"LOGIN\" returned \"Expected response code \"235\" but got code \"535\", with message \"535 5.7.8 Authentication failed\".\". Authenticator \"PLAIN\" returned \"Expected response code \"235\" but got code \"535\", with message \"535 5.7.8 Authentication failed\".\".","trace":"#0 D:\\FastrankingCRMUpdatable\\vendor\\symfony\\mailer\\Transport\\Smtp\\EsmtpTransport.php(199): Symfony\\Component\\Mailer\\Transport\\Smtp\\EsmtpTransport->handleAuth(Array)
#1 D:\\FastrankingCRMUpdatable\\vendor\\symfony\\mailer\\Transport\\Smtp\\EsmtpTransport.php(150): Symfony\\Component\\Mailer\\Transport\\Smtp\\EsmtpTransport->doEhloCommand()
#2 D:\\FastrankingCRMUpdatable\\vendor\\symfony\\mailer\\Transport\\Smtp\\SmtpTransport.php(244): Symfony\\Component\\Mailer\\Transport\\Smtp\\EsmtpTransport->executeCommand('HELO localhost\\r...', Array)
#3 D:\\FastrankingCRMUpdatable\\vendor\\symfony\\mailer\\Transport\\Smtp\\SmtpTransport.php(270): Symfony\\Component\\Mailer\\Transport\\Smtp\\SmtpTransport->doHeloCommand()
#4 D:\\FastrankingCRMUpdatable\\vendor\\symfony\\mailer\\Transport\\Smtp\\SmtpTransport.php(200): Symfony\\Component\\Mailer\\Transport\\Smtp\\SmtpTransport->start()
#5 D:\\FastrankingCRMUpdatable\\vendor\\symfony\\mailer\\Transport\\AbstractTransport.php(69): Symfony\\Component\\Mailer\\Transport\\Smtp\\SmtpTransport->doSend(Object(Symfony\\Component\\Mailer\\SentMessage))
#6 D:\\FastrankingCRMUpdatable\\vendor\\symfony\\mailer\\Transport\\Smtp\\SmtpTransport.php(138): Symfony\\Component\\Mailer\\Transport\\AbstractTransport->send(Object(Symfony\\Component\\Mime\\Email), Object(Symfony\\Component\\Mailer\\DelayedEnvelope))
#7 D:\\FastrankingCRMUpdatable\\vendor\\laravel\\framework\\src\\Illuminate\\Mail\\Mailer.php(584): Symfony\\Component\\Mailer\\Transport\\Smtp\\SmtpTransport->send(Object(Symfony\\Component\\Mime\\Email), Object(Symfony\\Component\\Mailer\\DelayedEnvelope))
#8 D:\\FastrankingCRMUpdatable\\vendor\\laravel\\framework\\src\\Illuminate\\Mail\\Mailer.php(331): Illuminate\\Mail\\Mailer->sendSymfonyMessage(Object(Symfony\\Component\\Mime\\Email))
#9 D:\\FastrankingCRMUpdatable\\vendor\\laravel\\framework\\src\\Illuminate\\Mail\\Mailer.php(223): Illuminate\\Mail\\Mailer->send(NULL, Array, Object(Closure))
#10 D:\\FastrankingCRMUpdatable\\vendor\\laravel\\framework\\src\\Illuminate\\Mail\\MailManager.php(623): Illuminate\\Mail\\Mailer->raw('<!DOCTYPE html>...', Object(Closure))
#11 D:\\FastrankingCRMUpdatable\\vendor\\laravel\\framework\\src\\Illuminate\\Support\\Facades\\Facade.php(363): Illuminate\\Mail\\MailManager->__call('raw', Array)
#12 D:\\FastrankingCRMUpdatable\\app\\Http\\Controllers\\Api\\Email\\EmailController.php(219): Illuminate\\Support\\Facades\\Facade::__callStatic('raw', Array)
#13 D:\\FastrankingCRMUpdatable\\vendor\\laravel\\framework\\src\\Illuminate\\Routing\\ControllerDispatcher.php(46): App\\Http\\Controllers\\Api\\Email\\EmailController->store(Object(Illuminate\\Http\\Request))
#14 D:\\FastrankingCRMUpdatable\\vendor\\laravel\\framework\\src\\Illuminate\\Routing\\Route.php(265): Illuminate\\Routing\\ControllerDispatcher->dispatch(Object(Illuminate\\Routing\\Route), Object(App\\Http\\Controllers\\Api\\Email\\EmailController), 'store')
#15 D:\\FastrankingCRMUpdatable\\vendor\\laravel\\framework\\src\\Illuminate\\Routing\\Route.php(211): Illuminate\\Routing\\Route->runController()
#16 D:\\FastrankingCRMUpdatable\\vendor\\laravel\\framework\\src\\Illuminate\\Routing\\Router.php(822): Illuminate\\Routing\\Route->run()
#17 D:\\FastrankingCRMUpdatable\\vendor\\laravel\\framework\\src\\Illuminate\\Pipeline\\Pipeline.php(180): Illuminate\\Routing\\Router->Illuminate\\Routing\\{closure}(Object(Illuminate\\Http\\Request))
#18 D:\\FastrankingCRMUpdatable\\app\\Http\\Middleware\\PermissionMiddleware.php(54): Illuminate\\Pipeline\\Pipeline->Illuminate\\Pipeline\\{closure}(Object(Illuminate\\Http\\Request))
#19 D:\\FastrankingCRMUpdatable\\vendor\\laravel\\framework\\src\\Illuminate\\Pipeline\\Pipeline.php(219): App\\Http\\Middleware\\PermissionMiddleware->handle(Object(Illuminate\\Http\\Request), Object(Closure), 'Email', 'create')
#20 D:\\FastrankingCRMUpdatable\\vendor\\tymon\\jwt-auth\\src\\Http\\Middleware\\Authenticate.php(32): Illuminate\\Pipeline\\Pipeline->Illuminate\\Pipeline\\{closure}(Object(Illuminate\\Http\\Request))
#21 D:\\FastrankingCRMUpdatable\\vendor\\laravel\\framework\\src\\Illuminate\\Pipeline\\Pipeline.php(219): Tymon\\JWTAuth\\Http\\Middleware\\Authenticate->handle(Object(Illuminate\\Http\\Request), Object(Closure))
#22 D:\\FastrankingCRMUpdatable\\vendor\\laravel\\framework\\src\\Illuminate\\Routing\\Middleware\\SubstituteBindings.php(50): Illuminate\\Pipeline\\Pipeline->Illuminate\\Pipeline\\{closure}(Object(Illuminate\\Http\\Request))
#23 D:\\FastrankingCRMUpdatable\\vendor\\laravel\\framework\\src\\Illuminate\\Pipeline\\Pipeline.php(219): Illuminate\\Routing\\Middleware\\SubstituteBindings->handle(Object(Illuminate\\Http\\Request), Object(Closure))
#24 D:\\FastrankingCRMUpdatable\\vendor\\laravel\\framework\\src\\Illuminate\\Pipeline\\Pipeline.php(137): Illuminate\\Pipeline\\Pipeline->Illuminate\\Pipeline\\{closure}(Object(Illuminate\\Http\\Request))
#25 D:\\FastrankingCRMUpdatable\\vendor\\laravel\\framework\\src\\Illuminate\\Routing\\Router.php(821): Illuminate\\Pipeline\\Pipeline->then(Object(Closure))
#26 D:\\FastrankingCRMUpdatable\\vendor\\laravel\\framework\\src\\Illuminate\\Routing\\Router.php(800): Illuminate\\Routing\\Router->runRouteWithinStack(Object(Illuminate\\Routing\\Route), Object(Illuminate\\Http\\Request))
#27 D:\\FastrankingCRMUpdatable\\vendor\\laravel\\framework\\src\\Illuminate\\Routing\\Router.php(764): Illuminate\\Routing\\Router->runRoute(Object(Illuminate\\Http\\Request), Object(Illuminate\\Routing\\Route))
#28 D:\\FastrankingCRMUpdatable\\vendor\\laravel\\framework\\src\\Illuminate\\Routing\\Router.php(753): Illuminate\\Routing\\Router->dispatchToRoute(Object(Illuminate\\Http\\Request))
#29 D:\\FastrankingCRMUpdatable\\vendor\\laravel\\framework\\src\\Illuminate\\Foundation\\Http\\Kernel.php(200): Illuminate\\Routing\\Router->dispatch(Object(Illuminate\\Http\\Request))
#30 D:\\FastrankingCRMUpdatable\\vendor\\laravel\\framework\\src\\Illuminate\\Pipeline\\Pipeline.php(180): Illuminate\\Foundation\\Http\\Kernel->Illuminate\\Foundation\\Http\\{closure}(Object(Illuminate\\Http\\Request))
#31 D:\\FastrankingCRMUpdatable\\vendor\\laravel\\framework\\src\\Illuminate\\Foundation\\Http\\Middleware\\TransformsRequest.php(21): Illuminate\\Pipeline\\Pipeline->Illuminate\\Pipeline\\{closure}(Object(Illuminate\\Http\\Request))
#32 D:\\FastrankingCRMUpdatable\\vendor\\laravel\\framework\\src\\Illuminate\\Foundation\\Http\\Middleware\\ConvertEmptyStringsToNull.php(31): Illuminate\\Foundation\\Http\\Middleware\\TransformsRequest->handle(Object(Illuminate\\Http\\Request), Object(Closure))
#33 D:\\FastrankingCRMUpdatable\\vendor\\laravel\\framework\\src\\Illuminate\\Pipeline\\Pipeline.php(219): Illuminate\\Foundation\\Http\\Middleware\\ConvertEmptyStringsToNull->handle(Object(Illuminate\\Http\\Request), Object(Closure))
#34 D:\\FastrankingCRMUpdatable\\vendor\\laravel\\framework\\src\\Illuminate\\Foundation\\Http\\Middleware\\TransformsRequest.php(21): Illuminate\\Pipeline\\Pipeline->Illuminate\\Pipeline\\{closure}(Object(Illuminate\\Http\\Request))
#35 D:\\FastrankingCRMUpdatable\\vendor\\laravel\\framework\\src\\Illuminate\\Foundation\\Http\\Middleware\\TrimStrings.php(51): Illuminate\\Foundation\\Http\\Middleware\\TransformsRequest->handle(Object(Illuminate\\Http\\Request), Object(Closure))
#36 D:\\FastrankingCRMUpdatable\\vendor\\laravel\\framework\\src\\Illuminate\\Pipeline\\Pipeline.php(219): Illuminate\\Foundation\\Http\\Middleware\\TrimStrings->handle(Object(Illuminate\\Http\\Request), Object(Closure))
#37 D:\\FastrankingCRMUpdatable\\vendor\\laravel\\framework\\src\\Illuminate\\Http\\Middleware\\ValidatePostSize.php(27): Illuminate\\Pipeline\\Pipeline->Illuminate\\Pipeline\\{closure}(Object(Illuminate\\Http\\Request))
#38 D:\\FastrankingCRMUpdatable\\vendor\\laravel\\framework\\src\\Illuminate\\Pipeline\\Pipeline.php(219): Illuminate\\Http\\Middleware\\ValidatePostSize->handle(Object(Illuminate\\Http\\Request), Object(Closure))
#39 D:\\FastrankingCRMUpdatable\\vendor\\laravel\\framework\\src\\Illuminate\\Foundation\\Http\\Middleware\\PreventRequestsDuringMaintenance.php(109): Illuminate\\Pipeline\\Pipeline->Illuminate\\Pipeline\\{closure}(Object(Illuminate\\Http\\Request))
#40 D:\\FastrankingCRMUpdatable\\vendor\\laravel\\framework\\src\\Illuminate\\Pipeline\\Pipeline.php(219): Illuminate\\Foundation\\Http\\Middleware\\PreventRequestsDuringMaintenance->handle(Object(Illuminate\\Http\\Request), Object(Closure))
#41 D:\\FastrankingCRMUpdatable\\vendor\\laravel\\framework\\src\\Illuminate\\Http\\Middleware\\HandleCors.php(74): Illuminate\\Pipeline\\Pipeline->Illuminate\\Pipeline\\{closure}(Object(Illuminate\\Http\\Request))
#42 D:\\FastrankingCRMUpdatable\\vendor\\laravel\\framework\\src\\Illuminate\\Pipeline\\Pipeline.php(219): Illuminate\\Http\\Middleware\\HandleCors->handle(Object(Illuminate\\Http\\Request), Object(Closure))
#43 D:\\FastrankingCRMUpdatable\\vendor\\laravel\\framework\\src\\Illuminate\\Http\\Middleware\\TrustProxies.php(58): Illuminate\\Pipeline\\Pipeline->Illuminate\\Pipeline\\{closure}(Object(Illuminate\\Http\\Request))
#44 D:\\FastrankingCRMUpdatable\\vendor\\laravel\\framework\\src\\Illuminate\\Pipeline\\Pipeline.php(219): Illuminate\\Http\\Middleware\\TrustProxies->handle(Object(Illuminate\\Http\\Request), Object(Closure))
#45 D:\\FastrankingCRMUpdatable\\vendor\\laravel\\framework\\src\\Illuminate\\Foundation\\Http\\Middleware\\InvokeDeferredCallbacks.php(22): Illuminate\\Pipeline\\Pipeline->Illuminate\\Pipeline\\{closure}(Object(Illuminate\\Http\\Request))
#46 D:\\FastrankingCRMUpdatable\\vendor\\laravel\\framework\\src\\Illuminate\\Pipeline\\Pipeline.php(219): Illuminate\\Foundation\\Http\\Middleware\\InvokeDeferredCallbacks->handle(Object(Illuminate\\Http\\Request), Object(Closure))
#47 D:\\FastrankingCRMUpdatable\\vendor\\laravel\\framework\\src\\Illuminate\\Http\\Middleware\\ValidatePathEncoding.php(26): Illuminate\\Pipeline\\Pipeline->Illuminate\\Pipeline\\{closure}(Object(Illuminate\\Http\\Request))
#48 D:\\FastrankingCRMUpdatable\\vendor\\laravel\\framework\\src\\Illuminate\\Pipeline\\Pipeline.php(219): Illuminate\\Http\\Middleware\\ValidatePathEncoding->handle(Object(Illuminate\\Http\\Request), Object(Closure))
#49 D:\\FastrankingCRMUpdatable\\vendor\\laravel\\framework\\src\\Illuminate\\Pipeline\\Pipeline.php(137): Illuminate\\Pipeline\\Pipeline->Illuminate\\Pipeline\\{closure}(Object(Illuminate\\Http\\Request))
#50 D:\\FastrankingCRMUpdatable\\vendor\\laravel\\framework\\src\\Illuminate\\Foundation\\Http\\Kernel.php(175): Illuminate\\Pipeline\\Pipeline->then(Object(Closure))
#51 D:\\FastrankingCRMUpdatable\\vendor\\laravel\\framework\\src\\Illuminate\\Foundation\\Http\\Kernel.php(144): Illuminate\\Foundation\\Http\\Kernel->sendRequestThroughRouter(Object(Illuminate\\Http\\Request))
#52 D:\\FastrankingCRMUpdatable\\vendor\\laravel\\framework\\src\\Illuminate\\Foundation\\Application.php(1220): Illuminate\\Foundation\\Http\\Kernel->handle(Object(Illuminate\\Http\\Request))
#53 D:\\FastrankingCRMUpdatable\\public\\index.php(20): Illuminate\\Foundation\\Application->handleRequest(Object(Illuminate\\Http\\Request))
#54 D:\\FastrankingCRMUpdatable\\vendor\\laravel\\framework\\src\\Illuminate\\Foundation\\resources\\server.php(23): require_once('D:\\\\FastrankingC...')
#55 {main}","request_data":{"followup_business_id":5755,"to":["fastranking05@gmail.com"],"cc":[],"bcc":[],"type":"welcome","dynamic_data":{"contact_name":"sdfsd sdfgdfgdf","business_name":"New Lead","business_phone":"1222000125","business_email":"tetst@ytu.com","sender_name":"Your Name","sender_title":"Your Title","appointment_date":null,"appointment_time":null,"appointment_location":null}}} 
[2026-06-02 09:31:19] local.DEBUG: Permission check result {"user_id":1,"module":"Administration","permission":"read","has_permission":true,"user_roles":[1],"module_id":1} 
[2026-06-02 09:31:19] local.INFO: User retrieval successful {"user_id":1} 
[2026-06-02 09:31:24] local.DEBUG: Permission check result {"user_id":1,"module":"Appointment","permission":"read","has_permission":true,"user_roles":[1],"module_id":5} 
[2026-06-02 09:31:24] local.DEBUG: Permission check result {"user_id":1,"module":"Follow-Up","permission":"read","has_permission":true,"user_roles":[1],"module_id":4} 
[2026-06-02 09:31:25] local.DEBUG: Permission check result {"user_id":1,"module":"Administration","permission":"read","has_permission":true,"user_roles":[1],"module_id":1} 
[2026-06-02 09:31:25] local.DEBUG: Permission check result {"user_id":1,"module":"Administration","permission":"read","has_permission":true,"user_roles":[1],"module_id":1} 
[2026-06-02 09:31:25] local.INFO: User list retrieval successful {"user_id":1} 
[2026-06-02 09:31:26] local.DEBUG: Permission check result {"user_id":1,"module":"Administration","permission":"read","has_permission":true,"user_roles":[1],"module_id":1} 
[2026-06-02 09:31:26] local.INFO: Fetch departments list successful {"filters":[],"user_id":1} 
[2026-06-02 09:31:26] local.DEBUG: Permission check result {"user_id":1,"module":"Administration","permission":"read","has_permission":true,"user_roles":[1],"module_id":1} 
[2026-06-02 09:31:26] local.INFO: Fetch roles list successful {"filters":[],"user_id":1} 
[2026-06-02 09:31:27] local.DEBUG: Permission check result {"user_id":1,"module":"Administration","permission":"read","has_permission":true,"user_roles":[1],"module_id":1} 
[2026-06-02 09:31:27] local.INFO: Fetch modules list successful {"filters":[],"user_id":1} 
[2026-06-02 09:31:27] local.DEBUG: Permission check result {"user_id":1,"module":"Administration","permission":"read","has_permission":true,"user_roles":[1],"module_id":1} 
[2026-06-02 09:31:27] local.INFO: Fetch teams list successful {"filters":[],"user_id":1} 
[2026-06-02 09:31:55] local.DEBUG: Permission check result {"user_id":1,"module":"Deals","permission":"read","has_permission":true,"user_roles":[1],"module_id":11} 
[2026-06-02 09:31:56] local.DEBUG: Permission check result {"user_id":1,"module":"Deals","permission":"read","has_permission":true,"user_roles":[1],"module_id":11} 
[2026-06-02 09:31:56] local.DEBUG: Permission check result {"user_id":1,"module":"Deals","permission":"read","has_permission":true,"user_roles":[1],"module_id":11} 
[2026-06-02 09:31:57] local.DEBUG: Permission check result {"user_id":1,"module":"Deals","permission":"read","has_permission":true,"user_roles":[1],"module_id":11} 
[2026-06-02 09:31:57] local.DEBUG: Permission check result {"user_id":1,"module":"Deals","permission":"read","has_permission":true,"user_roles":[1],"module_id":11} 
[2026-06-02 09:31:58] local.DEBUG: Permission check result {"user_id":1,"module":"Deals","permission":"read","has_permission":true,"user_roles":[1],"module_id":11} 
[2026-06-02 09:31:58] local.DEBUG: Permission check result {"user_id":1,"module":"Deals","permission":"read","has_permission":true,"user_roles":[1],"module_id":11} 
[2026-06-02 09:31:59] local.DEBUG: Permission check result {"user_id":1,"module":"Deals","permission":"read","has_permission":true,"user_roles":[1],"module_id":11} 
[2026-06-02 09:32:40] local.DEBUG: Permission check result {"user_id":1,"module":"Deals","permission":"read","has_permission":true,"user_roles":[1],"module_id":11} 
[2026-06-02 09:32:44] local.DEBUG: Permission check result {"user_id":1,"module":"Deals","permission":"read","has_permission":true,"user_roles":[1],"module_id":11} 
[2026-06-02 09:32:45] local.DEBUG: Permission check result {"user_id":1,"module":"Deals","permission":"read","has_permission":true,"user_roles":[1],"module_id":11} 
[2026-06-02 09:32:47] local.DEBUG: Permission check result {"user_id":1,"module":"Deals","permission":"read","has_permission":true,"user_roles":[1],"module_id":11} 
[2026-06-02 09:32:48] local.DEBUG: Permission check result {"user_id":1,"module":"Deals","permission":"read","has_permission":true,"user_roles":[1],"module_id":11} 
[2026-06-02 09:32:50] local.DEBUG: Permission check result {"user_id":1,"module":"Deals","permission":"read","has_permission":true,"user_roles":[1],"module_id":11} 
[2026-06-02 09:32:59] local.DEBUG: Permission check result {"user_id":1,"module":"Deals","permission":"read","has_permission":true,"user_roles":[1],"module_id":11} 
[2026-06-02 09:33:26] local.DEBUG: Permission check result {"user_id":1,"module":"Leads","permission":"read","has_permission":true,"user_roles":[1],"module_id":2} 
[2026-06-02 09:42:15] local.DEBUG: Permission check result {"user_id":1,"module":"Leads","permission":"read","has_permission":true,"user_roles":[1],"module_id":2} 
[2026-06-02 09:42:15] local.INFO: Lead retrieval successful {"lead_id":5755,"user_id":1} 
[2026-06-02 09:42:16] local.DEBUG: Permission check result {"user_id":1,"module":"Deals","permission":"read","has_permission":true,"user_roles":[1],"module_id":11} 
[2026-06-02 09:42:19] local.DEBUG: Permission check result {"user_id":1,"module":"Deals","permission":"read","has_permission":true,"user_roles":[1],"module_id":11} 
[2026-06-02 09:42:19] local.DEBUG: Permission check result {"user_id":1,"module":"Deals","permission":"read","has_permission":true,"user_roles":[1],"module_id":11} 
[2026-06-02 09:42:20] local.DEBUG: Permission check result {"user_id":1,"module":"Deals","permission":"read","has_permission":true,"user_roles":[1],"module_id":11} 
[2026-06-02 09:42:21] local.DEBUG: Permission check result {"user_id":1,"module":"Deals","permission":"read","has_permission":true,"user_roles":[1],"module_id":11} 
[2026-06-02 09:42:21] local.DEBUG: Permission check result {"user_id":1,"module":"Deals","permission":"read","has_permission":true,"user_roles":[1],"module_id":11} 
[2026-06-02 09:42:22] local.DEBUG: Permission check result {"user_id":1,"module":"Deals","permission":"read","has_permission":true,"user_roles":[1],"module_id":11} 
[2026-06-02 09:42:22] local.DEBUG: Permission check result {"user_id":1,"module":"Deals","permission":"read","has_permission":true,"user_roles":[1],"module_id":11} 
[2026-06-02 09:43:01] local.DEBUG: Permission check result {"user_id":1,"module":"Leads","permission":"read","has_permission":true,"user_roles":[1],"module_id":2} 
[2026-06-02 10:02:13] testing.DEBUG: Permission check result {"user_id":1,"module":"Deals","permission":"create","has_permission":true,"user_roles":[1],"module_id":1} 
[2026-06-02 10:02:15] testing.DEBUG: Permission check result {"user_id":1,"module":"Deals","permission":"create","has_permission":true,"user_roles":[1],"module_id":1} 
[2026-06-02 10:02:15] testing.DEBUG: Permission check result {"user_id":1,"module":"Deals","permission":"create","has_permission":true,"user_roles":[1],"module_id":1} 
[2026-06-02 10:31:13] local.DEBUG: Permission check result {"user_id":1,"module":"Leads","permission":"read","has_permission":true,"user_roles":[1],"module_id":2} 
[2026-06-02 10:31:17] local.DEBUG: Permission check result {"user_id":1,"module":"Administration","permission":"read","has_permission":true,"user_roles":[1],"module_id":1} 
[2026-06-02 10:31:18] local.INFO: User retrieval successful {"user_id":1} 
[2026-06-02 10:31:18] local.DEBUG: Permission check result {"user_id":1,"module":"Follow-Up","permission":"read","has_permission":true,"user_roles":[1],"module_id":4} 
[2026-06-02 10:31:19] local.DEBUG: Permission check result {"user_id":1,"module":"Appointment","permission":"read","has_permission":true,"user_roles":[1],"module_id":5} 
[2026-06-02 10:31:20] local.DEBUG: Permission check result {"user_id":1,"module":"Administration","permission":"read","has_permission":true,"user_roles":[1],"module_id":1} 
[2026-06-02 10:31:21] local.DEBUG: Permission check result {"user_id":1,"module":"Administration","permission":"read","has_permission":true,"user_roles":[1],"module_id":1} 
[2026-06-02 10:31:21] local.INFO: User list retrieval successful {"user_id":1} 
[2026-06-02 10:31:21] local.DEBUG: Permission check result {"user_id":1,"module":"Administration","permission":"read","has_permission":true,"user_roles":[1],"module_id":1} 
[2026-06-02 10:31:21] local.INFO: Fetch departments list successful {"filters":[],"user_id":1} 
[2026-06-02 10:31:22] local.DEBUG: Permission check result {"user_id":1,"module":"Administration","permission":"read","has_permission":true,"user_roles":[1],"module_id":1} 
[2026-06-02 10:31:22] local.INFO: Fetch roles list successful {"filters":[],"user_id":1} 
[2026-06-02 10:31:22] local.DEBUG: Permission check result {"user_id":1,"module":"Administration","permission":"read","has_permission":true,"user_roles":[1],"module_id":1} 
[2026-06-02 10:31:23] local.INFO: Fetch modules list successful {"filters":[],"user_id":1} 
[2026-06-02 10:31:23] local.DEBUG: Permission check result {"user_id":1,"module":"Administration","permission":"read","has_permission":true,"user_roles":[1],"module_id":1} 
[2026-06-02 10:31:23] local.INFO: Fetch teams list successful {"filters":[],"user_id":1} 
[2026-06-02 10:31:26] local.DEBUG: Permission check result {"user_id":1,"module":"Leads","permission":"delete","has_permission":true,"user_roles":[1],"module_id":2} 
[2026-06-02 10:31:26] local.INFO: Lead deletion successful {"lead_id":5755,"user_id":1} 
[2026-06-02 10:31:26] local.DEBUG: Permission check result {"user_id":1,"module":"Leads","permission":"read","has_permission":true,"user_roles":[1],"module_id":2} 
[2026-06-02 10:32:04] local.DEBUG: Permission check result {"user_id":1,"module":"Leads","permission":"read","has_permission":true,"user_roles":[1],"module_id":2} 
[2026-06-02 10:32:10] local.DEBUG: Permission check result {"user_id":1,"module":"Leads","permission":"read","has_permission":true,"user_roles":[1],"module_id":2} 
[2026-06-02 10:32:12] local.DEBUG: Permission check result {"user_id":1,"module":"Leads","permission":"read","has_permission":true,"user_roles":[1],"module_id":2} 
[2026-06-02 10:32:13] local.DEBUG: Permission check result {"user_id":1,"module":"Leads","permission":"read","has_permission":true,"user_roles":[1],"module_id":2} 
[2026-06-02 10:32:13] local.DEBUG: Permission check result {"user_id":1,"module":"Leads","permission":"read","has_permission":true,"user_roles":[1],"module_id":2} 
[2026-06-02 10:32:14] local.DEBUG: Permission check result {"user_id":1,"module":"Leads","permission":"read","has_permission":true,"user_roles":[1],"module_id":2} 
[2026-06-02 10:32:14] local.DEBUG: Permission check result {"user_id":1,"module":"Leads","permission":"read","has_permission":true,"user_roles":[1],"module_id":2} 
[2026-06-02 10:32:15] local.DEBUG: Permission check result {"user_id":1,"module":"Leads","permission":"read","has_permission":true,"user_roles":[1],"module_id":2} 
[2026-06-02 10:32:15] local.DEBUG: Permission check result {"user_id":1,"module":"Leads","permission":"read","has_permission":true,"user_roles":[1],"module_id":2} 
[2026-06-02 10:32:16] local.DEBUG: Permission check result {"user_id":1,"module":"Leads","permission":"read","has_permission":true,"user_roles":[1],"module_id":2} 
[2026-06-02 10:32:17] local.DEBUG: Permission check result {"user_id":1,"module":"Leads","permission":"read","has_permission":true,"user_roles":[1],"module_id":2} 
[2026-06-02 10:32:22] local.DEBUG: Permission check result {"user_id":1,"module":"Leads","permission":"read","has_permission":true,"user_roles":[1],"module_id":2} 
[2026-06-02 10:32:23] local.DEBUG: Permission check result {"user_id":1,"module":"Leads","permission":"read","has_permission":true,"user_roles":[1],"module_id":2} 
[2026-06-02 10:32:25] local.DEBUG: Permission check result {"user_id":1,"module":"Leads","permission":"read","has_permission":true,"user_roles":[1],"module_id":2} 
[2026-06-02 10:32:25] local.DEBUG: Permission check result {"user_id":1,"module":"Leads","permission":"read","has_permission":true,"user_roles":[1],"module_id":2} 
[2026-06-02 10:32:26] local.DEBUG: Permission check result {"user_id":1,"module":"Leads","permission":"read","has_permission":true,"user_roles":[1],"module_id":2} 
[2026-06-02 10:32:27] local.DEBUG: Permission check result {"user_id":1,"module":"Leads","permission":"read","has_permission":true,"user_roles":[1],"module_id":2} 
[2026-06-02 10:32:27] local.DEBUG: Permission check result {"user_id":1,"module":"Leads","permission":"read","has_permission":true,"user_roles":[1],"module_id":2} 
[2026-06-02 10:32:28] local.DEBUG: Permission check result {"user_id":1,"module":"Leads","permission":"read","has_permission":true,"user_roles":[1],"module_id":2} 
[2026-06-02 10:32:34] local.DEBUG: Permission check result {"user_id":1,"module":"Leads","permission":"read","has_permission":true,"user_roles":[1],"module_id":2} 
[2026-06-02 10:32:35] local.DEBUG: Permission check result {"user_id":1,"module":"Leads","permission":"read","has_permission":true,"user_roles":[1],"module_id":2} 
[2026-06-02 10:32:35] local.DEBUG: Permission check result {"user_id":1,"module":"Leads","permission":"read","has_permission":true,"user_roles":[1],"module_id":2} 
[2026-06-02 10:32:36] local.DEBUG: Permission check result {"user_id":1,"module":"Leads","permission":"read","has_permission":true,"user_roles":[1],"module_id":2} 
[2026-06-02 10:32:37] local.DEBUG: Permission check result {"user_id":1,"module":"Leads","permission":"read","has_permission":true,"user_roles":[1],"module_id":2} 
[2026-06-02 10:32:37] local.DEBUG: Permission check result {"user_id":1,"module":"Leads","permission":"read","has_permission":true,"user_roles":[1],"module_id":2} 
[2026-06-02 10:32:38] local.DEBUG: Permission check result {"user_id":1,"module":"Leads","permission":"read","has_permission":true,"user_roles":[1],"module_id":2} 
[2026-06-02 10:32:39] local.DEBUG: Permission check result {"user_id":1,"module":"Leads","permission":"read","has_permission":true,"user_roles":[1],"module_id":2} 
[2026-06-02 10:32:40] local.DEBUG: Permission check result {"user_id":1,"module":"Leads","permission":"read","has_permission":true,"user_roles":[1],"module_id":2} 
[2026-06-02 10:32:41] local.DEBUG: Permission check result {"user_id":1,"module":"Leads","permission":"read","has_permission":true,"user_roles":[1],"module_id":2} 
[2026-06-02 10:32:41] local.DEBUG: Permission check result {"user_id":1,"module":"Leads","permission":"read","has_permission":true,"user_roles":[1],"module_id":2} 
[2026-06-02 10:32:42] local.DEBUG: Permission check result {"user_id":1,"module":"Leads","permission":"read","has_permission":true,"user_roles":[1],"module_id":2} 
[2026-06-02 10:32:42] local.DEBUG: Permission check result {"user_id":1,"module":"Leads","permission":"read","has_permission":true,"user_roles":[1],"module_id":2} 
[2026-06-02 10:32:45] local.DEBUG: Permission check result {"user_id":1,"module":"Leads","permission":"create","has_permission":true,"user_roles":[1],"module_id":2} 
[2026-06-02 10:32:46] local.INFO: Lead creation successful {"business_name":"Bosch Limited","email":"abc@bosch.com","user_id":1} 
[2026-06-02 10:32:47] local.DEBUG: Permission check result {"user_id":1,"module":"Leads","permission":"read","has_permission":true,"user_roles":[1],"module_id":2} 
[2026-06-02 10:32:50] local.DEBUG: Permission check result {"user_id":1,"module":"Leads","permission":"read","has_permission":true,"user_roles":[1],"module_id":2} 
[2026-06-02 10:32:50] local.INFO: Lead retrieval successful {"lead_id":5756,"user_id":1} 
[2026-06-02 10:32:51] local.DEBUG: Permission check result {"user_id":1,"module":"Deals","permission":"read","has_permission":true,"user_roles":[1],"module_id":11} 
[2026-06-02 10:32:55] local.DEBUG: Permission check result {"user_id":1,"module":"Deals","permission":"read","has_permission":true,"user_roles":[1],"module_id":11} 
[2026-06-02 10:32:56] local.DEBUG: Permission check result {"user_id":1,"module":"Deals","permission":"read","has_permission":true,"user_roles":[1],"module_id":11} 
[2026-06-02 10:32:56] local.DEBUG: Permission check result {"user_id":1,"module":"Deals","permission":"read","has_permission":true,"user_roles":[1],"module_id":11} 
[2026-06-02 10:32:57] local.DEBUG: Permission check result {"user_id":1,"module":"Deals","permission":"read","has_permission":true,"user_roles":[1],"module_id":11} 
[2026-06-02 10:32:57] local.DEBUG: Permission check result {"user_id":1,"module":"Deals","permission":"read","has_permission":true,"user_roles":[1],"module_id":11} 
[2026-06-02 10:32:58] local.DEBUG: Permission check result {"user_id":1,"module":"Deals","permission":"read","has_permission":true,"user_roles":[1],"module_id":11} 
[2026-06-02 10:32:58] local.DEBUG: Permission check result {"user_id":1,"module":"Deals","permission":"read","has_permission":true,"user_roles":[1],"module_id":11} 
[2026-06-02 10:34:57] local.DEBUG: Permission check result {"user_id":1,"module":"Leads","permission":"read","has_permission":true,"user_roles":[1],"module_id":2} 
[2026-06-02 10:34:57] local.INFO: Lead retrieval successful {"lead_id":5756,"user_id":1} 
[2026-06-02 10:34:57] local.DEBUG: Permission check result {"user_id":1,"module":"Administration","permission":"read","has_permission":true,"user_roles":[1],"module_id":1} 
[2026-06-02 10:34:57] local.INFO: User retrieval successful {"user_id":1} 
[2026-06-02 10:35:01] local.DEBUG: Permission check result {"user_id":1,"module":"Appointment","permission":"read","has_permission":true,"user_roles":[1],"module_id":5} 
[2026-06-02 10:35:01] local.DEBUG: Permission check result {"user_id":1,"module":"Follow-Up","permission":"read","has_permission":true,"user_roles":[1],"module_id":4} 
[2026-06-02 10:35:01] local.DEBUG: Permission check result {"user_id":1,"module":"Administration","permission":"read","has_permission":true,"user_roles":[1],"module_id":1} 
[2026-06-02 10:35:02] local.DEBUG: Permission check result {"user_id":1,"module":"Administration","permission":"read","has_permission":true,"user_roles":[1],"module_id":1} 
[2026-06-02 10:35:02] local.INFO: User list retrieval successful {"user_id":1} 
[2026-06-02 10:35:03] local.DEBUG: Permission check result {"user_id":1,"module":"Administration","permission":"read","has_permission":true,"user_roles":[1],"module_id":1} 
[2026-06-02 10:35:03] local.INFO: Fetch departments list successful {"filters":[],"user_id":1} 
[2026-06-02 10:35:04] local.DEBUG: Permission check result {"user_id":1,"module":"Administration","permission":"read","has_permission":true,"user_roles":[1],"module_id":1} 
[2026-06-02 10:35:04] local.INFO: Fetch roles list successful {"filters":[],"user_id":1} 
[2026-06-02 10:35:04] local.DEBUG: Permission check result {"user_id":1,"module":"Administration","permission":"read","has_permission":true,"user_roles":[1],"module_id":1} 
[2026-06-02 10:35:04] local.INFO: Fetch modules list successful {"filters":[],"user_id":1} 
[2026-06-02 10:35:05] local.DEBUG: Permission check result {"user_id":1,"module":"Administration","permission":"read","has_permission":true,"user_roles":[1],"module_id":1} 
[2026-06-02 10:35:05] local.INFO: Fetch teams list successful {"filters":[],"user_id":1} 
[2026-06-02 10:35:06] local.DEBUG: Permission check result {"user_id":1,"module":"Deals","permission":"read","has_permission":true,"user_roles":[1],"module_id":11} 
[2026-06-02 10:35:11] local.DEBUG: Permission check result {"user_id":1,"module":"Deals","permission":"read","has_permission":true,"user_roles":[1],"module_id":11} 
[2026-06-02 10:35:11] local.DEBUG: Permission check result {"user_id":1,"module":"Deals","permission":"read","has_permission":true,"user_roles":[1],"module_id":11} 
[2026-06-02 10:35:12] local.DEBUG: Permission check result {"user_id":1,"module":"Deals","permission":"read","has_permission":true,"user_roles":[1],"module_id":11} 
[2026-06-02 10:35:13] local.DEBUG: Permission check result {"user_id":1,"module":"Deals","permission":"read","has_permission":true,"user_roles":[1],"module_id":11} 
[2026-06-02 10:35:13] local.DEBUG: Permission check result {"user_id":1,"module":"Deals","permission":"read","has_permission":true,"user_roles":[1],"module_id":11} 
[2026-06-02 10:35:14] local.DEBUG: Permission check result {"user_id":1,"module":"Deals","permission":"read","has_permission":true,"user_roles":[1],"module_id":11} 
[2026-06-02 10:35:15] local.DEBUG: Permission check result {"user_id":1,"module":"Deals","permission":"read","has_permission":true,"user_roles":[1],"module_id":11} 
[2026-06-02 10:37:58] local.INFO: Active Sales department users count: 4  
[2026-06-02 10:38:02] local.INFO: Block slot request {"date":"2026-06-11","time_slot_id":14,"user_id":null,"session_id":"session_1780396681796_x3a5wqby9"} 
[2026-06-02 10:38:02] local.INFO: Attempting to hold time slot {"date":"2026-06-11","time_slot_id":14,"user_id":null,"session_id":"session_1780396681796_x3a5wqby9"} 
[2026-06-02 10:38:02] local.INFO: Active Sales department users count: 4  
[2026-06-02 10:38:02] local.INFO: Time slot held successfully {"booking_id":15,"time_slot_id":14,"expires_at":"2026-06-02 10:53:02"} 
[2026-06-02 10:38:10] local.DEBUG: Permission check result {"user_id":1,"module":"Appointment","permission":"create","has_permission":true,"user_roles":[1],"module_id":5} 
[2026-06-02 10:38:10] local.INFO: Quality record created for appointment: FRMID00001578, assigned to user: 4  
[2026-06-02 10:38:10] local.INFO: SEO record created for appointment: FRMID00001578, business: 5756, assigned to user: 3  
[2026-06-02 10:38:10] local.INFO: Direct appointment creation successful {"user_id":1} 
[2026-06-02 10:38:14] local.INFO: Release slot request {"block_id":"15","user_id":null} 
[2026-06-02 10:38:14] local.INFO: Attempting to release slot {"block_id":"15"} 
[2026-06-02 10:38:14] local.INFO: Temporary booking found and deleted {"booking_id":15,"time_slot_id":14,"date":"2026-06-11 00:00:00"} 
[2026-06-02 10:38:31] local.DEBUG: Permission check result {"user_id":1,"module":"Leads","permission":"read","has_permission":true,"user_roles":[1],"module_id":2} 
[2026-06-02 10:38:31] local.INFO: Lead retrieval successful {"lead_id":5756,"user_id":1} 
[2026-06-02 10:38:32] local.DEBUG: Permission check result {"user_id":1,"module":"Administration","permission":"read","has_permission":true,"user_roles":[1],"module_id":1} 
[2026-06-02 10:38:32] local.INFO: User retrieval successful {"user_id":1} 
[2026-06-02 10:38:35] local.DEBUG: Permission check result {"user_id":1,"module":"Appointment","permission":"read","has_permission":true,"user_roles":[1],"module_id":5} 
[2026-06-02 10:38:35] local.DEBUG: Permission check result {"user_id":1,"module":"Follow-Up","permission":"read","has_permission":true,"user_roles":[1],"module_id":4} 
[2026-06-02 10:38:36] local.DEBUG: Permission check result {"user_id":1,"module":"Administration","permission":"read","has_permission":true,"user_roles":[1],"module_id":1} 
[2026-06-02 10:38:36] local.DEBUG: Permission check result {"user_id":1,"module":"Administration","permission":"read","has_permission":true,"user_roles":[1],"module_id":1} 
[2026-06-02 10:38:36] local.INFO: User list retrieval successful {"user_id":1} 
[2026-06-02 10:38:37] local.DEBUG: Permission check result {"user_id":1,"module":"Administration","permission":"read","has_permission":true,"user_roles":[1],"module_id":1} 
[2026-06-02 10:38:37] local.INFO: Fetch departments list successful {"filters":[],"user_id":1} 
[2026-06-02 10:38:38] local.DEBUG: Permission check result {"user_id":1,"module":"Administration","permission":"read","has_permission":true,"user_roles":[1],"module_id":1} 
[2026-06-02 10:38:38] local.INFO: Fetch roles list successful {"filters":[],"user_id":1} 
[2026-06-02 10:38:38] local.DEBUG: Permission check result {"user_id":1,"module":"Administration","permission":"read","has_permission":true,"user_roles":[1],"module_id":1} 
[2026-06-02 10:38:38] local.INFO: Fetch modules list successful {"filters":[],"user_id":1} 
[2026-06-02 10:38:39] local.DEBUG: Permission check result {"user_id":1,"module":"Administration","permission":"read","has_permission":true,"user_roles":[1],"module_id":1} 
[2026-06-02 10:38:39] local.INFO: Fetch teams list successful {"filters":[],"user_id":1} 
[2026-06-02 10:38:40] local.DEBUG: Permission check result {"user_id":1,"module":"Deals","permission":"read","has_permission":true,"user_roles":[1],"module_id":11} 
[2026-06-02 10:38:43] local.DEBUG: Permission check result {"user_id":1,"module":"Deals","permission":"read","has_permission":true,"user_roles":[1],"module_id":11} 
[2026-06-02 10:38:44] local.DEBUG: Permission check result {"user_id":1,"module":"Deals","permission":"read","has_permission":true,"user_roles":[1],"module_id":11} 
[2026-06-02 10:38:44] local.DEBUG: Permission check result {"user_id":1,"module":"Deals","permission":"read","has_permission":true,"user_roles":[1],"module_id":11} 
[2026-06-02 10:38:45] local.DEBUG: Permission check result {"user_id":1,"module":"Deals","permission":"read","has_permission":true,"user_roles":[1],"module_id":11} 
[2026-06-02 10:38:45] local.DEBUG: Permission check result {"user_id":1,"module":"Deals","permission":"read","has_permission":true,"user_roles":[1],"module_id":11} 
[2026-06-02 10:38:47] local.DEBUG: Permission check result {"user_id":1,"module":"Deals","permission":"read","has_permission":true,"user_roles":[1],"module_id":11} 
[2026-06-02 10:38:48] local.DEBUG: Permission check result {"user_id":1,"module":"Deals","permission":"read","has_permission":true,"user_roles":[1],"module_id":11} 
[2026-06-02 10:38:49] local.DEBUG: Permission check result {"user_id":1,"module":"Quality Control","permission":"read","has_permission":true,"user_roles":[1],"module_id":6} 
[2026-06-02 10:38:49] local.DEBUG: Permission check result {"user_id":1,"module":"Follow-Up","permission":"read","has_permission":true,"user_roles":[1],"module_id":4} 
[2026-06-02 10:38:50] local.DEBUG: Permission check result {"user_id":1,"module":"Quality Control","permission":"read","has_permission":true,"user_roles":[1],"module_id":6} 
[2026-06-02 10:38:50] local.DEBUG: Permission check result {"user_id":1,"module":"Quality Control","permission":"read","has_permission":true,"user_roles":[1],"module_id":6} 
[2026-06-02 10:38:51] local.DEBUG: Permission check result {"user_id":1,"module":"Quality Control","permission":"read","has_permission":true,"user_roles":[1],"module_id":6} 
[2026-06-02 10:38:53] local.DEBUG: Permission check result {"user_id":1,"module":"Administration","permission":"read","has_permission":true,"user_roles":[1],"module_id":1} 
[2026-06-02 10:38:53] local.INFO: User list retrieval successful {"user_id":1} 
[2026-06-02 10:38:54] local.DEBUG: Permission check result {"user_id":1,"module":"Administration","permission":"read","has_permission":true,"user_roles":[1],"module_id":1} 
[2026-06-02 10:38:54] local.DEBUG: Permission check result {"user_id":1,"module":"Quality Control","permission":"read","has_permission":true,"user_roles":[1],"module_id":6} 
[2026-06-02 10:38:58] local.DEBUG: Permission check result {"user_id":1,"module":"SEO","permission":"read","has_permission":true,"user_roles":[1],"module_id":7} 
[2026-06-02 10:38:59] local.DEBUG: Permission check result {"user_id":1,"module":"Administration","permission":"read","has_permission":true,"user_roles":[1],"module_id":1} 
[2026-06-02 10:39:01] local.DEBUG: Permission check result {"user_id":1,"module":"Administration","permission":"read","has_permission":true,"user_roles":[1],"module_id":1} 
[2026-06-02 10:39:08] local.DEBUG: Permission check result {"user_id":1,"module":"SEO","permission":"create","has_permission":true,"user_roles":[1],"module_id":7} 
[2026-06-02 10:39:15] local.DEBUG: Permission check result {"user_id":1,"module":"Consultation","permission":"read","has_permission":true,"user_roles":[1],"module_id":8} 
[2026-06-02 10:39:16] local.DEBUG: Permission check result {"user_id":1,"module":"Consultation","permission":"read","has_permission":true,"user_roles":[1],"module_id":8} 
[2026-06-02 10:39:20] local.DEBUG: Permission check result {"user_id":1,"module":"Deals","permission":"read","has_permission":true,"user_roles":[1],"module_id":11} 
[2026-06-02 10:39:20] local.DEBUG: Permission check result {"user_id":1,"module":"Deals","permission":"read","has_permission":true,"user_roles":[1],"module_id":11} 
[2026-06-02 10:39:21] local.DEBUG: Permission check result {"user_id":1,"module":"Deals","permission":"read","has_permission":true,"user_roles":[1],"module_id":11} 
[2026-06-02 10:39:21] local.DEBUG: Permission check result {"user_id":1,"module":"Deals","permission":"read","has_permission":true,"user_roles":[1],"module_id":11} 
[2026-06-02 10:39:22] local.DEBUG: Permission check result {"user_id":1,"module":"Deals","permission":"read","has_permission":true,"user_roles":[1],"module_id":11} 
[2026-06-02 10:39:22] local.DEBUG: Permission check result {"user_id":1,"module":"Deals","permission":"read","has_permission":true,"user_roles":[1],"module_id":11} 
[2026-06-02 10:39:23] local.DEBUG: Permission check result {"user_id":1,"module":"Deals","permission":"read","has_permission":true,"user_roles":[1],"module_id":11} 
[2026-06-02 10:39:23] local.DEBUG: Permission check result {"user_id":1,"module":"Deals","permission":"read","has_permission":true,"user_roles":[1],"module_id":11} 
[2026-06-02 10:39:24] local.DEBUG: Permission check result {"user_id":1,"module":"Leads","permission":"read","has_permission":true,"user_roles":[1],"module_id":2} 
